// Jest Snapshot v1, https://goo.gl/fbAQLP

exports[`CYCLE 1 TESTS US 1.1 - Testing that the Hearts Table component renders correctly 1`] = `
<DocumentFragment>
  <div
    id="game-container"
  >
    <div>
      <div>
        <div
          class="deck"
          id="back-of-card"
        >
          <img
            alt="card back"
            draggable="false"
            id="back-image"
          />
        </div>
      </div>
      <div
        id="start-menu"
      >
        <h2
          class="start-menu-text"
          id="begin-button"
        >
          Begin
        </h2>
      </div>
    </div>
    <div
      id="playing-area"
    >
      <img
        alt="heart"
        href="hearts-logo"
        id="hearts-logo"
        src="hearts-logo.png"
      />
    </div>
    <div
      class="player-hand"
      id="player1-hand"
    />
    <div
      class="player-hand"
      id="player2-hand"
    />
    <div
      class="player-hand"
      id="player3-hand"
    />
    <div
      class="player-hand"
      id="player4-hand"
    />
  </div>
</DocumentFragment>
`;
